manifest should match snapshot:
  1: |
    apiVersion: v1
    items:
      - apiVersion: v1
        kind: ServiceAccount
        metadata:
          name: steadybit-demo
          namespace: NAMESPACE
      - apiVersion: rbac.authorization.k8s.io/v1
        kind: RoleBinding
        metadata:
          name: steadybit-demo:view
          namespace: NAMESPACE
        roleRef:
          apiGroup: rbac.authorization.k8s.io
          kind: ClusterRole
          name: view
        subjects:
          - apiGroup: rbac.authorization.k8s.io
            kind: Group
            name: system:serviceaccounts:steadybit-demo
    kind: List
